60x60* o12
***********************************************1************
*     *  *  **   * ***   *         *     ** *** * *  **    *
* * *                                           *** * * ** *
*  ********************************************** *       **
**      *       * *              **     ***             * **
*               *  * *  *           * *                    *
*      *    *        **      *  * *       * **     *      **
*      *         *        *  **     *              *      **
**                  *   **  * *  *     * *   *     *       *
*                                 * * * **                 *
*   **  *       *          *  *  *** * *   * ***     * *   *
* *  **     *   * ****  *                *   **    *   *   *
*   **            *** *     *  **   *  *             **  ***
***             **   *     **  * *            *            *
*         *    ** ** *     * * *  *                 *   *  *
**     **     *   *  ** *     *    *   * *       *   *   * *
*  ******* *  *        *  * *  *           * ** *    *   * *
*          ***          *  *       *          **    *      *
* *     *  *         * *                  **  *      *     *
*         **   *    *       * *    **    **** *   **       *
*   *    *   * *   *           *         ****              *
*  *** *   ** *  ** *        *   *          *    * * *     *
**  *   ** ***      *             *  *   *   * * *  *    ***
*         *     **      * *  * *    **    *  *      *    * *
*     *     *         **         *       *        *  * *   *
* *           *  * *        *     *            *    *  **  *
* *        *          *   *   * *      *   *  *      **    *
*   *    **         * *          *             **     **   *
*    ***  *      ******         *   * *    *    *       *  *
*             * ****              *         *    ****    * *
* ***************           *      * * *     ** * *   ** ***
***  ** *   *                      *                 *     *
*    *  * *               *         *         * *         **
*      * *      **   *    * *** *  *     * * *         * * *
* *             *       *         * *   * * ** *     *     *
*   *      *    *  *   *  **   *  *                        *
*      *            *       * *  *  *        *     *  ** ***
*   *                     * * *         *  * *          ** *
*  * * *     * *        *         *  *      *   *    *   * *
*    *    *      *  *  *    *   * *  * * *         *       *
*       * **                     *     **      * * *    ** *
*          *   *       **        **    *         *      *  *
***  * *   *    *       *   *  *        * **       **      *
** *   *        *   **  *         ** *    *   *     *    * *
* *** *      *     **  *           **        *   * *    *  *
* *      * *  *    *  *       *   *   * *    *       *  ** *
**   * * **      ** *   *    **   *   * *    *    *        *
* *   *   **                            * *              ***
*  *   *           *   *   *** *  *     ****  *            *
*      *       *       * *  **     *        *     * *      *
* ****    **    ** ** * ** *             * ***  * *        *
*             *  *             * *         *         **   **
**    * * *        ***       **      *      ***      * * * *
* **      *     *     *   *      **        ** **   * *     *
*  **      *    *      *     **   * *          **  *       *
*           *           **    ***** *            *   ** *  *
*     * * *  *              *  *     * **       *       * **
*      **     **      *  *  *   **  *       **  **        **
**       * **           *        *    *  ***   *   *   *   *
***********************2************************************
